[debug] [2025-09-05T22:22:08.236Z] ----------------------------------------------------------------------
[debug] [2025-09-05T22:22:08.240Z] Command:       C:\nvm4w\nodejs\node.exe C:\nvm4w\nodejs\node_modules\firebase-tools\lib\bin\firebase.js init hosting
[debug] [2025-09-05T22:22:08.240Z] CLI Version:   14.15.2
[debug] [2025-09-05T22:22:08.240Z] Platform:      win32
[debug] [2025-09-05T22:22:08.241Z] Node Version:  v20.19.0
[debug] [2025-09-05T22:22:08.241Z] Time:          Fri Sep 05 2025 19:22:08 GMT-0300 (hora estándar de Argentina)
[debug] [2025-09-05T22:22:08.241Z] ----------------------------------------------------------------------
[debug] 
[debug] [2025-09-05T22:22:08.244Z] >>> [apiv2][query] GET https://firebase-public.firebaseio.com/cli.json [none]
[debug] [2025-09-05T22:22:08.305Z] > command requires scopes: ["email","openid","https://www.googleapis.com/auth/cloudplatformprojects.readonly","https://www.googleapis.com/auth/firebase","https://www.googleapis.com/auth/cloud-platform"]
[debug] [2025-09-05T22:22:08.305Z] > authorizing via signed-in user (damiantriebl@gmail.com)
[info] 
     ######## #### ########  ######## ########     ###     ######  ########
     ##        ##  ##     ## ##       ##     ##  ##   ##  ##       ##
     ######    ##  ########  ######   ########  #########  ######  ######
     ##        ##  ##    ##  ##       ##     ## ##     ##       ## ##
     ##       #### ##     ## ######## ########  ##     ##  ######  ########

You're about to initialize a Firebase project in this directory:

  C:\Programacion\2025\campo

Before we get started, keep in mind:

  * You are currently outside your home directory

[debug] [2025-09-05T22:22:08.684Z] <<< [apiv2][status] GET https://firebase-public.firebaseio.com/cli.json 200
[debug] [2025-09-05T22:22:08.685Z] <<< [apiv2][body] GET https://firebase-public.firebaseio.com/cli.json {"cloudBuildErrorAfter":1594252800000,"cloudBuildWarnAfter":1590019200000,"defaultNode10After":1594252800000,"minVersion":"3.0.5","node8DeploysDisabledAfter":1613390400000,"node8RuntimeDisabledAfter":1615809600000,"node8WarnAfter":1600128000000}
